// Vitest Snapshot v1, https://vitest.dev/guide/snapshot.html

exports[`jsx-vue-directive > vue 2.7 v-html > ./fixtures/v-html/index.setup.tsx 1`] = `
"export default <div domPropsInnerHTML={'<div>123<div>'} />
"
`;

exports[`jsx-vue-directive > vue 3 v-html > ./fixtures/v-html/index.setup.tsx 1`] = `
"export default <div innerHTML={'<div>123<div>'} />
"
`;
