// Vitest Snapshot v1, https://vitest.dev/guide/snapshot.html

exports[`jsx-vue-directive > v-memo > ./fixtures/v-memo/v-memo.setup.tsx 1`] = `
"
import { renderList as __MACROS_renderList } from "@vue-macros/jsx-directive/helpers";
import { withMemo as __MACROS_withMemo } from "@vue-macros/jsx-directive/helpers";const __MACROS_cache = [];__MACROS_cache[0] = [];// @ts-nocheck
const list = [1, 2, 3]
let selected = $ref(0)

export default (
  <>
    {__MACROS_renderList(list, (i, index) => __MACROS_withMemo([selected === i], () => <div key={index}>
      <div>
        {i}: {selected}
      </div>
    </div>, __MACROS_cache[0], 0 + index + 1))}
  </>
)
"
`;

exports[`jsx-vue-directive > v-memo > ./fixtures/v-memo/v-once.setup.tsx 1`] = `
"
import { withMemo as __MACROS_withMemo } from "@vue-macros/jsx-directive/helpers";const __MACROS_cache = [];let selected = $ref(0)

export default (
  __MACROS_withMemo([], () => <div onClick={() => selected++}>
    {selected}
  </div>, __MACROS_cache, 0)
)
"
`;
